// Jest Snapshot v1, https://goo.gl/fbAQLP

exports[`matches snapshot 1`] = `
<DocumentFragment>
  <h2
    class="mb-4 font-weight-bold homeTitle"
  >
    Welcome Back, testuser !
    <p
      class="quote"
    >
      To ensure good health: eat lightly, breathe deeply, live moderately, cultivate cheerfulness, and maintain an interest in life
    </p>
  </h2>
</DocumentFragment>
`;
